> Task :app:clean
> Task :app:preBuild UP-TO-DATE
> Task :app:preDebugBuild UP-TO-DATE
> Task :app:mergeDebugNativeDebugMetadata NO-SOURCE
> Task :app:checkKotlinGradlePluginConfigurationErrors SKIPPED
> Task :app:processDebugNavigationResources
> Task :app:generateDebugResValues
> Task :app:compileDebugNavigationResources
> Task :app:mapDebugSourceSetPaths
> Task :app:generateDebugResources
> Task :app:checkDebugAarMetadata
> Task :app:packageDebugResources
> Task :app:createDebugCompatibleScreenManifests
> Task :app:extractDeepLinksDebug
> Task :app:parseDebugLocalResources
> Task :app:processDebugMainManifest
> Task :app:processDebugManifest
> Task :app:javaPreCompileDebug
> Task :app:mergeDebugShaders
> Task :app:compileDebugShaders NO-SOURCE
> Task :app:generateDebugAssets UP-TO-DATE
> Task :app:mergeDebugAssets
> Task :app:compressDebugAssets
> Task :app:desugarDebugFileDependencies
> Task :app:mergeDebugJniLibFolders
> Task :app:processDebugManifestForPackage
> Task :app:validateSigningDebug
> Task :app:writeDebugAppMetadata
> Task :app:checkDebugDuplicateClasses
> Task :app:mergeDebugNativeLibs
> Task :app:writeDebugSigningConfigVersions
> Task :app:preReleaseBuild UP-TO-DATE
> Task :app:mergeLibDexDebug
> Task :app:mergeReleaseJniLibFolders

> Task :app:stripDebugDebugSymbols
Unable to strip the following libraries, packaging them as they are: libandroidx.graphics.path.so. Run with --info option to learn more.

> Task :app:mergeDebugResources
> Task :app:mergeReleaseNativeLibs

> Task :app:stripReleaseDebugSymbols
Unable to strip the following libraries, packaging them as they are: libandroidx.graphics.path.so. Run with --info option to learn more.

> Task :app:buildKotlinToolingMetadata
> Task :app:extractReleaseNativeSymbolTables
> Task :app:mergeReleaseNativeDebugMetadata NO-SOURCE
> Task :app:processReleaseNavigationResources
> Task :app:compileReleaseNavigationResources
> Task :app:generateReleaseResValues
> Task :app:checkReleaseDuplicateClasses
> Task :app:mapReleaseSourceSetPaths
> Task :app:generateReleaseResources
> Task :app:checkReleaseAarMetadata
> Task :app:processDebugResources
> Task :app:packageReleaseResources
> Task :app:createReleaseCompatibleScreenManifests
> Task :app:extractDeepLinksRelease
> Task :app:parseReleaseLocalResources
> Task :app:processReleaseMainManifest
> Task :app:mergeExtDexDebug

> Task :app:compileDebugKotlin FAILED
.\gradlew : e: file:///D:/ASELEA%20Work/BRYPX/GrypX%20Frantnd/Grpyx_andd_watch/app/src/main/java/com/ex
ample/grpyx_andd_watch/presentation/MainActivity.kt:299:29 Unresolved reference 
'SessionNotFoundException'.
At line:1 char:59
+ ... yx_andd_watch"; .\gradlew clean build --warning-mode all 2>&1 | Out-F ...
+                     ~~~~~~~~~~~~~~~~~~~~~~~~~~~~~~~~~~~~~~~~~~~~~
    + CategoryInfo          : NotSpecified: (e: file:///D:/A...oundException'.:String) [], RemoteExcep 
   tion
    + FullyQualifiedErrorId : NativeCommandError
 

> Task :app:processReleaseManifest
> Task :app:mergeReleaseResources

FAILURE: Build failed with an exception.

* What went wrong:
Execution failed for task ':app:compileDebugKotlin'.
> A failure occurred while executing 
org.jetbrains.kotlin.compilerRunner.GradleCompilerRunnerWithWorkers$GradleKotlinCompilerWorkAction
   > Compilation error. See log for more details

* Try:
> Run with --stacktrace option to get the stack trace.
> Run with --info or --debug option to get more log output.
50 actionable tasks: 50 executed
> Run with --scan to get full insights.
> Get more help at https://help.gradle.org.

BUILD FAILED in 44s
